     1                                  bits 32 
     2                                  
     3                                  ;Calculati (a * b + 2) / (a + 7 - c) + d + x
     4                                  ;Interpretare fara semn
     5                                  global start        
     6                                  
     7                                  extern exit              
     8                                  import exit msvcrt.dll    
     9                                                          
    10                                  segment data use32 class=data
    11 00000000 03                          a db 3
    12 00000001 0800                        b dw 8
    13 00000003 05                          c db 5
    14 00000004 0F000000                    d dd 15
    15 00000008 14000000                    x dd 20
    16                                     
    17                                  segment code use32 class=code
    18                                      start:
    19 00000000 A0[00000000]                    mov AL, [a]     ; AL = a
    20 00000005 B400                            mov AH, 0       ; conversie fara semn de la AL la AX
    21 00000007 66F725[01000000]                mul word[b]     ; DX:AX = a * b
    22 0000000E B302                            mov BL, 2       ; BL = 2
    23 00000010 B700                            mov BH, 0       ; conversie fara semn de la BL la BX
    24 00000012 66B90000                        mov CX, 0       ; conversie fara semn de la BX la CX:BX
    25 00000016 6601D8                          add AX, BX
    26 00000019 6611CA                          adc DX, CX      ; DX:AX = a * b + 2
    27 0000001C 8A1D[00000000]                  mov BL, [a]     ; BL = a
    28 00000022 80C307                          add BL, 7       ; BL = a + 7
    29 00000025 2A1D[03000000]                  sub BL, [c]     ; BL = a + 7 - c
    30 0000002B B700                            mov BH, 0       ; conversie fara semn de la BL la BX
    31 0000002D 66F7F3                          div BX          ; AX = (a * b + 2) / (a + 7 - c)
    32 00000030 66BA0000                        mov DX, 0       ; conversie fara semn de la AX la DX:AX
    33 00000034 660305[04000000]                add AX, word[d]
    34 0000003B 661315[06000000]                adc DX, word[d + 2] ; DX:AX = (a * b + 2) / (a + 7 - c) + d
    35 00000042 660305[08000000]                add AX, word[x]
    36 00000049 661315[0A000000]                adc DX, word[x + 2] ; DX:AX = (a * b + 2) / (a + 7 - c) + d + x
    37                                          
    38                                     
    39 00000050 6A00                            push    dword 0      
    40 00000052 FF15[00000000]                  call    [exit]       
