     1                                  bits 32 global start        
     2                                  global start 
     3                                  extern exit, printf, strstr               
     4                                  import exit msvcrt.dll    
     5                                  import printf msvcrt.dll 
     6                                  import strstr msvcrt.dll
     7                                  extern addition 
     8                                  
     9                                  segment data use32 class=data public 
    10 00000000 61626364                    a db "abcd"
    11 00000004 616263                      b db "abc"
    12 00000007 00000000                    x dd 0
    13 0000000B 256400                      format db "%d", 0
    14                                      
    15                                  ;Se citesc mai multe siruri de caractere. Sa se determine daca primul apare ca subsecventa in fiecare din celelalte si sa se dea un mesaj corespunzator.
    16                                      
    17                                  segment code use32 class=code public 
    18                                      start:
    19 00000000 68[00000000]                    push dword a
    20 00000005 68[04000000]                    push dword b
    21 0000000A E8(00000000)                    call strstr
    22                                          
    23 0000000F A3[07000000]                    mov [x], eax
    24 00000014 FF35[07000000]                  push dword[x]
    25 0000001A 68[0B000000]                    push format
    26 0000001F FF15[00000000]                  call [printf]
    27 00000025 83C408                          add esp, 4*2
    28                                         
    29 00000028 6A00                            push    dword 0      ; push the parameter for exit onto the stack
    30 0000002A FF15[00000000]                  call    [exit]       ; call exit to terminate the program
