     1                                  bits 32
     2                                  global start
     3                                  
     4                                  extern exit, fwrite, fopen, fclose, printf, scanf, fprintf
     5                                  import fprintf msvcrt.dll 
     6                                  import printf msvcrt.dll
     7                                  import scanf msvcrt.dll  
     8                                  import exit msvcrt.dll
     9                                  import fwrite msvcrt.dll
    10                                  import fopen msvcrt.dll
    11                                  import fclose msvcrt.dll 
    12                                  
    13                                  segment data use32 class=data public
    14 00000000 6E657766696C652E74-         outputfile db 'newfile.txt', 0
    14 00000009 787400             
    15 0000000C 776F7264203D2000            message db 'word = ', 0
    16 00000014 7700                        modwrite db 'w', 0
    17 00000016 257300                      format db '%s', 0
    18 00000019 256300                      formatNumber db '%c', 0
    19 0000001C 303132333435363738-         digits db '0123456789'
    19 00000025 39                 
    20                                      len equ $-digits
    21 00000026 61626300                    new_word dd 'abc'
    22 0000002A 24000000                    stop dd '$'
    23 0000002E FF                          handle db -1
    24                                      
    25                                  
    26                                  segment code use32 class=code public 
    27                                      start:
    28 00000000 68[14000000]                    push dword modwrite
    29 00000005 68[00000000]                    push dword outputfile
    30 0000000A FF15[00000000]                  call [fopen]
    31 00000010 83C408                          add esp, 4*2
    32                                          
    33 00000013 A3[2E000000]                    mov [handle], eax 
    34 00000018 83F800                          cmp eax, 0
    35 0000001B 7440                            je theEnd
    36                                          
    37                                          repeta:
    38 0000001D 68[0C000000]                        push dword message
    39 00000022 FF15[00000000]                      call [printf]
    40 00000028 83C404                              add esp, 4*1
    41                                              
    42 0000002B 68[26000000]                        push dword new_word
    43 00000030 68[16000000]                        push dword format
    44 00000035 FF15[00000000]                      call [scanf]
    45 0000003B 83C408                              add esp, 4*2
    46                                             
    47 0000003E 8B0D[26000000]                      mov ecx, dword[new_word]
    48 00000044 3B0D[2A000000]                      cmp ecx, [stop]
    49 0000004A 7402                                je finish
    50 0000004C EBCF                                jmp repeta
    51                                          
    52                                          finish:
    53                                          
    54 0000004E FF35[2E000000]                  push dword[handle]
    55 00000054 FF15[00000000]                  call [fclose]
    56 0000005A 83C404                          add esp, 4*1
    57                                          
    58                                          theEnd:
    59                                      
    60 0000005D 6A00                        push    dword 0
    61 0000005F FF15[00000000]              call    [exit]
